<?xml version="1.0" encoding="utf-8"?>
<feed xmlns="http://www.w3.org/2005/Atom"><title>Andrew Elkins - AWS, Command Line, Linux</title><link href="https://andrewelkins.com/" rel="alternate"></link><link href="https://andrewelkins.com/feeds/aws-command-line-linux.atom.xml" rel="self"></link><id>https://andrewelkins.com/</id><updated>2014-03-10T10:58:00-07:00</updated><entry><title>How to mount an additional Elastic Block Store Linux</title><link href="https://andrewelkins.com/how-to-mount-an-additional-elastic-block-store-linux.html" rel="alternate"></link><published>2014-03-10T10:58:00-07:00</published><updated>2014-03-10T10:58:00-07:00</updated><author><name>Andrew Elkins</name></author><id>tag:andrewelkins.com,2014-03-10:/how-to-mount-an-additional-elastic-block-store-linux.html</id><summary type="html">&lt;p&gt;I needed to add an elastic block store to a Ubuntu Linux Server. I
created the instance from with the &lt;a href="http://docs.aws.amazon.com/AWSEC2/latest/UserGuide/ebs-creating-volume.html"&gt;AWS admin
console&lt;/a&gt;.
What was missing was how to have the Ubuntu instance recognize it. Turns
out it is fairly simple. Format, and mount.&lt;/p&gt;
&lt;p&gt;&lt;strong&gt;Mount&lt;/strong&gt;&lt;/p&gt;
&lt;p&gt;SSH into the instance and â€¦&lt;/p&gt;</summary><content type="html">&lt;p&gt;I needed to add an elastic block store to a Ubuntu Linux Server. I
created the instance from with the &lt;a href="http://docs.aws.amazon.com/AWSEC2/latest/UserGuide/ebs-creating-volume.html"&gt;AWS admin
console&lt;/a&gt;.
What was missing was how to have the Ubuntu instance recognize it. Turns
out it is fairly simple. Format, and mount.&lt;/p&gt;
&lt;p&gt;&lt;strong&gt;Mount&lt;/strong&gt;&lt;/p&gt;
&lt;p&gt;SSH into the instance and become root.&lt;/p&gt;
&lt;div class="highlight"&gt;&lt;pre&gt;&lt;span&gt;&lt;/span&gt;\$ ssh ubuntu@my-server  
\$ sudo su  
&lt;/pre&gt;&lt;/div&gt;


&lt;p&gt;Find the new volume's name  &lt;/p&gt;
&lt;div class="highlight"&gt;&lt;pre&gt;&lt;span&gt;&lt;/span&gt;\$ fdisk -l

Disk /dev/xvda1: 8589 MB, 8589934592 bytes  
255 heads, 63 sectors/track, 1044 cylinders, total 16777216 sectors  
Units = sectors of 1 \* 512 = 512 bytes  
Sector size (logical/physical): 512 bytes / 512 bytes  
I/O size (minimum/optimal): 512 bytes / 512 bytes  
Disk identifier: 0x00000000

Disk /dev/xvda1 doesn&amp;#39;t contain a valid partition table

Disk /dev/xvdf: 107.4 GB, 107374182400 bytes  
255 heads, 63 sectors/track, 13054 cylinders, total 209715200 sectors  
Units = sectors of 1 \* 512 = 512 bytes  
Sector size (logical/physical): 512 bytes / 512 bytes  
I/O size (minimum/optimal): 512 bytes / 512 bytes  
Disk identifier: 0x00000000

Disk /dev/xvdf doesn&amp;#39;t contain a valid partition table
&lt;/pre&gt;&lt;/div&gt;


&lt;p&gt;In my case it's "/dev/xvdf"&lt;/p&gt;
&lt;p&gt;We'll need to format the volume.&lt;/p&gt;
&lt;div class="highlight"&gt;&lt;pre&gt;&lt;span&gt;&lt;/span&gt;\$ mkfs -t ext3 /dev/xvdf

mke2fs 1.42 (29-Nov-2011)  
Filesystem label=  
OS type: Linux  
Block size=4096 (log=2)  
Fragment size=4096 (log=2)  
Stride=0 blocks, Stripe width=0 blocks  
6553600 inodes, 26214400 blocks  
1310720 blocks (5.00%) reserved for the super user  
First data block=0  
Maximum filesystem blocks=4294967296  
800 block groups  
32768 blocks per group, 32768 fragments per group  
8192 inodes per group  
Superblock backups stored on blocks:  
32768, 98304, 163840, 229376, 294912, 819200, 884736, 1605632, 2654208,  
4096000, 7962624, 11239424, 20480000, 23887872

Allocating group tables: done  
Writing inode tables: done  
Creating journal (32768 blocks): done  
Writing superblocks and filesystem accounting information: done  
&lt;/pre&gt;&lt;/div&gt;


&lt;p&gt;Now to mount it&lt;/p&gt;
&lt;div class="highlight"&gt;&lt;pre&gt;&lt;span&gt;&lt;/span&gt;\$ mkdir /mnt/ebs-volume-1  
\$ mount /dev/xvdf /mnt/ebs-volume-1/  
&lt;/pre&gt;&lt;/div&gt;</content></entry></feed>